Archive member included to satisfy reference by file (symbol)

../waves_bsp/\libhal_bsp.a(alt_load.o)
                              ../waves_bsp//obj/HAL/src/crt0.o (alt_load)
../waves_bsp/\libhal_bsp.a(alt_main.o)
                              ../waves_bsp//obj/HAL/src/crt0.o (alt_main)
../waves_bsp/\libhal_bsp.a(alt_sys_init.o)
                              ../waves_bsp/\libhal_bsp.a(alt_main.o) (alt_irq_init)
../waves_bsp/\libhal_bsp.a(alt_dcache_flush_all.o)
                              ../waves_bsp/\libhal_bsp.a(alt_load.o) (alt_dcache_flush_all)
../waves_bsp/\libhal_bsp.a(alt_dev.o)
                              ../waves_bsp/\libhal_bsp.a(alt_sys_init.o) (alt_dev_list)
../waves_bsp/\libhal_bsp.a(alt_dev_llist_insert.o)
                              ../waves_bsp/\libhal_bsp.a(alt_sys_init.o) (alt_dev_llist_insert)
../waves_bsp/\libhal_bsp.a(alt_errno.o)
                              ../waves_bsp/\libhal_bsp.a(alt_dev_llist_insert.o) (alt_errno)
../waves_bsp/\libhal_bsp.a(alt_icache_flush_all.o)
                              ../waves_bsp/\libhal_bsp.a(alt_load.o) (alt_icache_flush_all)
../waves_bsp/\libhal_bsp.a(altera_nios2_qsys_irq.o)
                              ../waves_bsp/\libhal_bsp.a(alt_sys_init.o) (altera_nios2_qsys_irq_init)
d:/intelfpga_lite/18.1/nios2eds/bin/gnu/h-x86_64-mingw32/bin/../lib/gcc/nios2-elf/5.3.0/../../../../../H-x86_64-mingw32/nios2-elf/lib/mno-hw-mul\libsmallc.a(lib_a-int_errno.o)
                              ../waves_bsp/\libhal_bsp.a(alt_dev_llist_insert.o) (errno)

Allocating common symbols
Common symbol       size              file

errno               0x4               d:/intelfpga_lite/18.1/nios2eds/bin/gnu/h-x86_64-mingw32/bin/../lib/gcc/nios2-elf/5.3.0/../../../../../H-x86_64-mingw32/nios2-elf/lib/mno-hw-mul\libsmallc.a(lib_a-int_errno.o)

Memory Configuration

Name             Origin             Length             Attributes
reset            0x0000000004000000 0x0000000000000020
sdram_controller_0 0x0000000004000020 0x0000000003ffffe0
*default*        0x0000000000000000 0xffffffffffffffff

Linker script and memory map

LOAD ../waves_bsp//obj/HAL/src/crt0.o
LOAD obj/default/hello_world_small.o
LOAD d:/intelfpga_lite/18.1/nios2eds/bin/gnu/h-x86_64-mingw32/bin/../lib/gcc/nios2-elf/5.3.0/../../../../../H-x86_64-mingw32/nios2-elf/lib/mno-hw-mul\libstdc++.a
LOAD d:/intelfpga_lite/18.1/nios2eds/bin/gnu/h-x86_64-mingw32/bin/../lib/gcc/nios2-elf/5.3.0/../../../../../H-x86_64-mingw32/nios2-elf/lib/mno-hw-mul\libm.a
LOAD d:/intelfpga_lite/18.1/nios2eds/bin/gnu/h-x86_64-mingw32/bin/../lib/gcc/nios2-elf/5.3.0/mno-hw-mul\libgcc.a
START GROUP
LOAD d:/intelfpga_lite/18.1/nios2eds/bin/gnu/h-x86_64-mingw32/bin/../lib/gcc/nios2-elf/5.3.0/../../../../../H-x86_64-mingw32/nios2-elf/lib/mno-hw-mul\libsmallc.a
LOAD d:/intelfpga_lite/18.1/nios2eds/bin/gnu/h-x86_64-mingw32/bin/../lib/gcc/nios2-elf/5.3.0/mno-hw-mul\libgcc.a
LOAD ../waves_bsp/\libhal_bsp.a
LOAD d:/intelfpga_lite/18.1/nios2eds/bin/gnu/h-x86_64-mingw32/bin/../lib/gcc/nios2-elf/5.3.0/../../../../../H-x86_64-mingw32/nios2-elf/lib/mno-hw-mul\libm.a
END GROUP
LOAD d:/intelfpga_lite/18.1/nios2eds/bin/gnu/h-x86_64-mingw32/bin/../lib/gcc/nios2-elf/5.3.0/mno-hw-mul\libgcc.a
                0x0000000004000000                __alt_mem_sdram_controller_0 = 0x4000000

.entry          0x0000000004000000       0x20
 *(.entry)
 .entry         0x0000000004000000       0x20 ../waves_bsp//obj/HAL/src/crt0.o
                0x0000000004000000                __reset
                0x000000000400000c                _exit

.exceptions     0x0000000004000020        0x0
                0x0000000004000020                PROVIDE (__ram_exceptions_start, ABSOLUTE (.))
                0x0000000004000020                . = ALIGN (0x20)
 *(.irq)
 *(.exceptions.entry.label)
 *(.exceptions.entry.user)
 *(.exceptions.entry.ecc_fatal)
 *(.exceptions.entry)
 *(.exceptions.irqtest.user)
 *(.exceptions.irqtest)
 *(.exceptions.irqhandler.user)
 *(.exceptions.irqhandler)
 *(.exceptions.irqreturn.user)
 *(.exceptions.irqreturn)
 *(.exceptions.notirq.label)
 *(.exceptions.notirq.user)
 *(.exceptions.notirq)
 *(.exceptions.soft.user)
 *(.exceptions.soft)
 *(.exceptions.unknown.user)
 *(.exceptions.unknown)
 *(.exceptions.exit.label)
 *(.exceptions.exit.user)
 *(.exceptions.exit)
 *(.exceptions)
                0x0000000004000020                PROVIDE (__ram_exceptions_end, ABSOLUTE (.))
                0x0000000004000020                PROVIDE (__flash_exceptions_start, LOADADDR (.exceptions))

.text           0x0000000004000020      0x2c4
                [!provide]                        PROVIDE (stext, ABSOLUTE (.))
 *(.interp)
 *(.hash)
 *(.dynsym)
 *(.dynstr)
 *(.gnu.version)
 *(.gnu.version_d)
 *(.gnu.version_r)
 *(.rel.init)
 *(.rela.init)
 *(.rel.text .rel.text.* .rel.gnu.linkonce.t.*)
 *(.rela.text .rela.text.* .rela.gnu.linkonce.t.*)
 *(.rel.fini)
 *(.rela.fini)
 *(.rel.rodata .rel.rodata.* .rel.gnu.linkonce.r.*)
 *(.rela.rodata .rela.rodata.* .rela.gnu.linkonce.r.*)
 *(.rel.data .rel.data.* .rel.gnu.linkonce.d.*)
 *(.rela.data .rela.data.* .rela.gnu.linkonce.d.*)
 *(.rel.tdata .rel.tdata.* .rel.gnu.linkonce.td.*)
 *(.rela.tdata .rela.tdata.* .rela.gnu.linkonce.td.*)
 *(.rel.tbss .rel.tbss.* .rel.gnu.linkonce.tb.*)
 *(.rela.tbss .rela.tbss.* .rela.gnu.linkonce.tb.*)
 *(.rel.ctors)
 *(.rela.ctors)
 *(.rel.dtors)
 *(.rela.dtors)
 *(.rel.got)
 *(.rela.got)
 *(.rel.sdata .rel.sdata.* .rel.gnu.linkonce.s.*)
 *(.rela.sdata .rela.sdata.* .rela.gnu.linkonce.s.*)
 *(.rel.sbss .rel.sbss.* .rel.gnu.linkonce.sb.*)
 *(.rela.sbss .rela.sbss.* .rela.gnu.linkonce.sb.*)
 *(.rel.sdata2 .rel.sdata2.* .rel.gnu.linkonce.s2.*)
 *(.rela.sdata2 .rela.sdata2.* .rela.gnu.linkonce.s2.*)
 *(.rel.sbss2 .rel.sbss2.* .rel.gnu.linkonce.sb2.*)
 *(.rela.sbss2 .rela.sbss2.* .rela.gnu.linkonce.sb2.*)
 *(.rel.bss .rel.bss.* .rel.gnu.linkonce.b.*)
 *(.rela.bss .rela.bss.* .rela.gnu.linkonce.b.*)
 *(.rel.plt)
 *(.rela.plt)
 *(.rel.dyn)
 *(.init)
 *(.plt)
 *(.text .stub .text.* .gnu.linkonce.t.*)
 .text          0x0000000004000020       0x3c ../waves_bsp//obj/HAL/src/crt0.o
                0x0000000004000020                _start
 .text          0x000000000400005c        0x0 obj/default/hello_world_small.o
 .text.startup  0x000000000400005c       0xc8 obj/default/hello_world_small.o
                0x000000000400005c                main
 .text          0x0000000004000124       0xe0 ../waves_bsp/\libhal_bsp.a(alt_load.o)
                0x0000000004000124                alt_load
 .text          0x0000000004000204       0x2c ../waves_bsp/\libhal_bsp.a(alt_main.o)
                0x0000000004000204                alt_main
 .text          0x0000000004000230       0x30 ../waves_bsp/\libhal_bsp.a(alt_sys_init.o)
                0x0000000004000230                alt_irq_init
                0x0000000004000250                alt_sys_init
 .text          0x0000000004000260        0x4 ../waves_bsp/\libhal_bsp.a(alt_dcache_flush_all.o)
                0x0000000004000260                alt_dcache_flush_all
 .text          0x0000000004000264        0x8 ../waves_bsp/\libhal_bsp.a(alt_dev.o)
 .text          0x000000000400026c       0x6c ../waves_bsp/\libhal_bsp.a(alt_dev_llist_insert.o)
                0x000000000400026c                alt_dev_llist_insert
 .text          0x00000000040002d8        0x0 ../waves_bsp/\libhal_bsp.a(alt_errno.o)
 .text          0x00000000040002d8        0x4 ../waves_bsp/\libhal_bsp.a(alt_icache_flush_all.o)
                0x00000000040002d8                alt_icache_flush_all
 .text          0x00000000040002dc        0x8 ../waves_bsp/\libhal_bsp.a(altera_nios2_qsys_irq.o)
                0x00000000040002dc                altera_nios2_qsys_irq_init
 .text          0x00000000040002e4        0x0 d:/intelfpga_lite/18.1/nios2eds/bin/gnu/h-x86_64-mingw32/bin/../lib/gcc/nios2-elf/5.3.0/../../../../../H-x86_64-mingw32/nios2-elf/lib/mno-hw-mul\libsmallc.a(lib_a-int_errno.o)
 *(.gnu.warning.*)
 *(.fini)
                [!provide]                        PROVIDE (__etext, ABSOLUTE (.))
                [!provide]                        PROVIDE (_etext, ABSOLUTE (.))
                [!provide]                        PROVIDE (etext, ABSOLUTE (.))
 *(.eh_frame_hdr)
                0x00000000040002e4                . = ALIGN (0x4)
                [!provide]                        PROVIDE (__preinit_array_start, ABSOLUTE (.))
 *(.preinit_array)
                [!provide]                        PROVIDE (__preinit_array_end, ABSOLUTE (.))
                [!provide]                        PROVIDE (__init_array_start, ABSOLUTE (.))
 *(.init_array)
                [!provide]                        PROVIDE (__init_array_end, ABSOLUTE (.))
                [!provide]                        PROVIDE (__fini_array_start, ABSOLUTE (.))
 *(.fini_array)
                [!provide]                        PROVIDE (__fini_array_end, ABSOLUTE (.))
 *(.eh_frame)
 *(.gcc_except_table .gcc_except_table.*)
 *(.dynamic)
                [!provide]                        PROVIDE (__CTOR_LIST__, ABSOLUTE (.))
 *(.ctors)
 *(SORT(.ctors.*))
                [!provide]                        PROVIDE (__CTOR_END__, ABSOLUTE (.))
                [!provide]                        PROVIDE (__DTOR_LIST__, ABSOLUTE (.))
 *(.dtors)
 *(SORT(.dtors.*))
                [!provide]                        PROVIDE (__DTOR_END__, ABSOLUTE (.))
 *(.jcr)
                0x00000000040002e4                . = ALIGN (0x4)

.rodata         0x00000000040002e4       0x18
                0x00000000040002e4                PROVIDE (__ram_rodata_start, ABSOLUTE (.))
                0x00000000040002e4                . = ALIGN (0x4)
 *(.rodata .rodata.* .gnu.linkonce.r.*)
 .rodata.str1.4
                0x00000000040002e4        0xb ../waves_bsp/\libhal_bsp.a(alt_sys_init.o)
 *fill*         0x00000000040002ef        0x1 
 .rodata.str1.4
                0x00000000040002f0        0xc ../waves_bsp/\libhal_bsp.a(alt_dev.o)
                                          0xa (size before relaxing)
 *(.rodata1)
                0x00000000040002fc                . = ALIGN (0x4)
                0x00000000040002fc                PROVIDE (__ram_rodata_end, ABSOLUTE (.))
                0x00000000040002e4                PROVIDE (__flash_rodata_start, LOADADDR (.rodata))

.rwdata         0x00000000040002fc       0xa0 load address 0x000000000400039c
                0x00000000040002fc                PROVIDE (__ram_rwdata_start, ABSOLUTE (.))
                0x00000000040002fc                . = ALIGN (0x4)
 *(.got.plt)
 *(.got)
 *(.data1)
 *(.data .data.* .gnu.linkonce.d.*)
 .data          0x00000000040002fc        0x0 ../waves_bsp//obj/HAL/src/crt0.o
 .data          0x00000000040002fc        0x0 obj/default/hello_world_small.o
 .data          0x00000000040002fc        0x0 ../waves_bsp/\libhal_bsp.a(alt_load.o)
 .data          0x00000000040002fc        0x0 ../waves_bsp/\libhal_bsp.a(alt_main.o)
 .data          0x00000000040002fc       0x2c ../waves_bsp/\libhal_bsp.a(alt_sys_init.o)
 .data          0x0000000004000328        0x0 ../waves_bsp/\libhal_bsp.a(alt_dcache_flush_all.o)
 .data          0x0000000004000328       0x58 ../waves_bsp/\libhal_bsp.a(alt_dev.o)
                0x0000000004000328                alt_fd_list
                0x0000000004000358                alt_dev_null
 .data          0x0000000004000380        0x0 ../waves_bsp/\libhal_bsp.a(alt_dev_llist_insert.o)
 .data          0x0000000004000380        0x0 ../waves_bsp/\libhal_bsp.a(alt_errno.o)
 .data          0x0000000004000380        0x0 ../waves_bsp/\libhal_bsp.a(alt_icache_flush_all.o)
 .data          0x0000000004000380        0x0 ../waves_bsp/\libhal_bsp.a(altera_nios2_qsys_irq.o)
 .data          0x0000000004000380        0x0 d:/intelfpga_lite/18.1/nios2eds/bin/gnu/h-x86_64-mingw32/bin/../lib/gcc/nios2-elf/5.3.0/../../../../../H-x86_64-mingw32/nios2-elf/lib/mno-hw-mul\libsmallc.a(lib_a-int_errno.o)
                0x0000000004008380                _gp = ABSOLUTE ((. + 0x8000))
                [!provide]                        PROVIDE (gp, _gp)
 *(.rwdata .rwdata.*)
 *(.sdata .sdata.* .gnu.linkonce.s.*)
 .sdata         0x0000000004000380        0x4 ../waves_bsp/\libhal_bsp.a(alt_sys_init.o)
                0x0000000004000380                jtag_uart_0
 .sdata         0x0000000004000384       0x14 ../waves_bsp/\libhal_bsp.a(alt_dev.o)
                0x0000000004000384                alt_max_fd
                0x0000000004000388                alt_dev_list
                0x0000000004000390                alt_fs_list
 .sdata         0x0000000004000398        0x4 ../waves_bsp/\libhal_bsp.a(alt_errno.o)
                0x0000000004000398                alt_errno
 *(.sdata2 .sdata2.* .gnu.linkonce.s2.*)
                0x000000000400039c                . = ALIGN (0x4)
                0x000000000400039c                _edata = ABSOLUTE (.)
                [!provide]                        PROVIDE (edata, ABSOLUTE (.))
                0x000000000400039c                PROVIDE (__ram_rwdata_end, ABSOLUTE (.))
                0x000000000400039c                PROVIDE (__flash_rwdata_start, LOADADDR (.rwdata))

.bss            0x000000000400043c       0x10
                0x000000000400043c                __bss_start = ABSOLUTE (.)
                [!provide]                        PROVIDE (__sbss_start, ABSOLUTE (.))
                [!provide]                        PROVIDE (___sbss_start, ABSOLUTE (.))
 *(.dynsbss)
 *(.sbss .sbss.* .gnu.linkonce.sb.*)
 .sbss          0x000000000400043c        0xc ../waves_bsp/\libhal_bsp.a(alt_main.o)
                0x000000000400043c                alt_envp
                0x0000000004000440                alt_argv
                0x0000000004000444                alt_argc
 .sbss          0x0000000004000448        0x4 d:/intelfpga_lite/18.1/nios2eds/bin/gnu/h-x86_64-mingw32/bin/../lib/gcc/nios2-elf/5.3.0/../../../../../H-x86_64-mingw32/nios2-elf/lib/mno-hw-mul\libsmallc.a(lib_a-int_errno.o)
                0x0000000004000448                errno
 *(.sbss2 .sbss2.* .gnu.linkonce.sb2.*)
 *(.scommon)
                [!provide]                        PROVIDE (__sbss_end, ABSOLUTE (.))
                [!provide]                        PROVIDE (___sbss_end, ABSOLUTE (.))
 *(.dynbss)
 *(.bss .bss.* .gnu.linkonce.b.*)
 .bss           0x000000000400044c        0x0 ../waves_bsp//obj/HAL/src/crt0.o
 .bss           0x000000000400044c        0x0 obj/default/hello_world_small.o
 .bss           0x000000000400044c        0x0 ../waves_bsp/\libhal_bsp.a(alt_load.o)
 .bss           0x000000000400044c        0x0 ../waves_bsp/\libhal_bsp.a(alt_main.o)
 .bss           0x000000000400044c        0x0 ../waves_bsp/\libhal_bsp.a(alt_sys_init.o)
 .bss           0x000000000400044c        0x0 ../waves_bsp/\libhal_bsp.a(alt_dcache_flush_all.o)
 .bss           0x000000000400044c        0x0 ../waves_bsp/\libhal_bsp.a(alt_dev.o)
 .bss           0x000000000400044c        0x0 ../waves_bsp/\libhal_bsp.a(alt_dev_llist_insert.o)
 .bss           0x000000000400044c        0x0 ../waves_bsp/\libhal_bsp.a(alt_errno.o)
 .bss           0x000000000400044c        0x0 ../waves_bsp/\libhal_bsp.a(alt_icache_flush_all.o)
 .bss           0x000000000400044c        0x0 ../waves_bsp/\libhal_bsp.a(altera_nios2_qsys_irq.o)
 .bss           0x000000000400044c        0x0 d:/intelfpga_lite/18.1/nios2eds/bin/gnu/h-x86_64-mingw32/bin/../lib/gcc/nios2-elf/5.3.0/../../../../../H-x86_64-mingw32/nios2-elf/lib/mno-hw-mul\libsmallc.a(lib_a-int_errno.o)
 *(COMMON)
                0x000000000400044c                . = ALIGN (0x4)
                0x000000000400044c                __bss_end = ABSOLUTE (.)

.sdram_controller_0
                0x000000000400044c        0x0
                [!provide]                        PROVIDE (_alt_partition_sdram_controller_0_start, ABSOLUTE (.))
 *(.sdram_controller_0 .sdram_controller_0. sdram_controller_0.*)
                0x000000000400044c                . = ALIGN (0x4)
                [!provide]                        PROVIDE (_alt_partition_sdram_controller_0_end, ABSOLUTE (.))
                0x000000000400044c                _end = ABSOLUTE (.)
                0x000000000400044c                end = ABSOLUTE (.)
                0x000000000400044c                __alt_stack_base = ABSOLUTE (.)
                [!provide]                        PROVIDE (_alt_partition_sdram_controller_0_load_addr, LOADADDR (.sdram_controller_0))

.stab
 *(.stab)

.stabstr
 *(.stabstr)

.stab.excl
 *(.stab.excl)

.stab.exclstr
 *(.stab.exclstr)

.stab.index
 *(.stab.index)

.stab.indexstr
 *(.stab.indexstr)

.comment        0x0000000000000000       0x23
 *(.comment)
 .comment       0x0000000000000000       0x23 obj/default/hello_world_small.o
                                         0x24 (size before relaxing)
 .comment       0x0000000000000023       0x24 ../waves_bsp/\libhal_bsp.a(alt_load.o)
 .comment       0x0000000000000023       0x24 ../waves_bsp/\libhal_bsp.a(alt_main.o)
 .comment       0x0000000000000023       0x24 ../waves_bsp/\libhal_bsp.a(alt_sys_init.o)
 .comment       0x0000000000000023       0x24 ../waves_bsp/\libhal_bsp.a(alt_dcache_flush_all.o)
 .comment       0x0000000000000023       0x24 ../waves_bsp/\libhal_bsp.a(alt_dev.o)
 .comment       0x0000000000000023       0x24 ../waves_bsp/\libhal_bsp.a(alt_dev_llist_insert.o)
 .comment       0x0000000000000023       0x24 ../waves_bsp/\libhal_bsp.a(alt_errno.o)
 .comment       0x0000000000000023       0x24 ../waves_bsp/\libhal_bsp.a(alt_icache_flush_all.o)
 .comment       0x0000000000000023       0x24 ../waves_bsp/\libhal_bsp.a(altera_nios2_qsys_irq.o)
 .comment       0x0000000000000023       0x24 d:/intelfpga_lite/18.1/nios2eds/bin/gnu/h-x86_64-mingw32/bin/../lib/gcc/nios2-elf/5.3.0/../../../../../H-x86_64-mingw32/nios2-elf/lib/mno-hw-mul\libsmallc.a(lib_a-int_errno.o)

.debug
 *(.debug)

.line
 *(.line)

.debug_srcinfo
 *(.debug_srcinfo)

.debug_sfnames
 *(.debug_sfnames)

.debug_aranges  0x0000000000000000      0x178
 *(.debug_aranges)
 .debug_aranges
                0x0000000000000000       0x28 ../waves_bsp//obj/HAL/src/crt0.o
 .debug_aranges
                0x0000000000000028       0x20 obj/default/hello_world_small.o
 .debug_aranges
                0x0000000000000048       0x20 ../waves_bsp/\libhal_bsp.a(alt_load.o)
 .debug_aranges
                0x0000000000000068       0x20 ../waves_bsp/\libhal_bsp.a(alt_main.o)
 .debug_aranges
                0x0000000000000088       0x20 ../waves_bsp/\libhal_bsp.a(alt_sys_init.o)
 .debug_aranges
                0x00000000000000a8       0x20 ../waves_bsp/\libhal_bsp.a(alt_dcache_flush_all.o)
 .debug_aranges
                0x00000000000000c8       0x20 ../waves_bsp/\libhal_bsp.a(alt_dev.o)
 .debug_aranges
                0x00000000000000e8       0x20 ../waves_bsp/\libhal_bsp.a(alt_dev_llist_insert.o)
 .debug_aranges
                0x0000000000000108       0x18 ../waves_bsp/\libhal_bsp.a(alt_errno.o)
 .debug_aranges
                0x0000000000000120       0x20 ../waves_bsp/\libhal_bsp.a(alt_icache_flush_all.o)
 .debug_aranges
                0x0000000000000140       0x20 ../waves_bsp/\libhal_bsp.a(altera_nios2_qsys_irq.o)
 .debug_aranges
                0x0000000000000160       0x18 d:/intelfpga_lite/18.1/nios2eds/bin/gnu/h-x86_64-mingw32/bin/../lib/gcc/nios2-elf/5.3.0/../../../../../H-x86_64-mingw32/nios2-elf/lib/mno-hw-mul\libsmallc.a(lib_a-int_errno.o)

.debug_pubnames
 *(.debug_pubnames)

.debug_info     0x0000000000000000     0x121a
 *(.debug_info .gnu.linkonce.wi.*)
 .debug_info    0x0000000000000000       0x64 ../waves_bsp//obj/HAL/src/crt0.o
 .debug_info    0x0000000000000064      0x125 obj/default/hello_world_small.o
 .debug_info    0x0000000000000189      0x1c9 ../waves_bsp/\libhal_bsp.a(alt_load.o)
 .debug_info    0x0000000000000352      0x169 ../waves_bsp/\libhal_bsp.a(alt_main.o)
 .debug_info    0x00000000000004bb      0x42d ../waves_bsp/\libhal_bsp.a(alt_sys_init.o)
 .debug_info    0x00000000000008e8       0x92 ../waves_bsp/\libhal_bsp.a(alt_dcache_flush_all.o)
 .debug_info    0x000000000000097a      0x499 ../waves_bsp/\libhal_bsp.a(alt_dev.o)
 .debug_info    0x0000000000000e13      0x1b3 ../waves_bsp/\libhal_bsp.a(alt_dev_llist_insert.o)
 .debug_info    0x0000000000000fc6       0xa6 ../waves_bsp/\libhal_bsp.a(alt_errno.o)
 .debug_info    0x000000000000106c       0x92 ../waves_bsp/\libhal_bsp.a(alt_icache_flush_all.o)
 .debug_info    0x00000000000010fe       0x92 ../waves_bsp/\libhal_bsp.a(altera_nios2_qsys_irq.o)
 .debug_info    0x0000000000001190       0x8a d:/intelfpga_lite/18.1/nios2eds/bin/gnu/h-x86_64-mingw32/bin/../lib/gcc/nios2-elf/5.3.0/../../../../../H-x86_64-mingw32/nios2-elf/lib/mno-hw-mul\libsmallc.a(lib_a-int_errno.o)

.debug_abbrev   0x0000000000000000      0x786
 *(.debug_abbrev)
 .debug_abbrev  0x0000000000000000       0x12 ../waves_bsp//obj/HAL/src/crt0.o
 .debug_abbrev  0x0000000000000012       0xbd obj/default/hello_world_small.o
 .debug_abbrev  0x00000000000000cf       0xd8 ../waves_bsp/\libhal_bsp.a(alt_load.o)
 .debug_abbrev  0x00000000000001a7       0xee ../waves_bsp/\libhal_bsp.a(alt_main.o)
 .debug_abbrev  0x0000000000000295      0x1a5 ../waves_bsp/\libhal_bsp.a(alt_sys_init.o)
 .debug_abbrev  0x000000000000043a       0x42 ../waves_bsp/\libhal_bsp.a(alt_dcache_flush_all.o)
 .debug_abbrev  0x000000000000047c       0xd9 ../waves_bsp/\libhal_bsp.a(alt_dev.o)
 .debug_abbrev  0x0000000000000555      0x11c ../waves_bsp/\libhal_bsp.a(alt_dev_llist_insert.o)
 .debug_abbrev  0x0000000000000671       0x5a ../waves_bsp/\libhal_bsp.a(alt_errno.o)
 .debug_abbrev  0x00000000000006cb       0x42 ../waves_bsp/\libhal_bsp.a(alt_icache_flush_all.o)
 .debug_abbrev  0x000000000000070d       0x42 ../waves_bsp/\libhal_bsp.a(altera_nios2_qsys_irq.o)
 .debug_abbrev  0x000000000000074f       0x37 d:/intelfpga_lite/18.1/nios2eds/bin/gnu/h-x86_64-mingw32/bin/../lib/gcc/nios2-elf/5.3.0/../../../../../H-x86_64-mingw32/nios2-elf/lib/mno-hw-mul\libsmallc.a(lib_a-int_errno.o)

.debug_line     0x0000000000000000      0x70c
 *(.debug_line)
 .debug_line    0x0000000000000000       0x66 ../waves_bsp//obj/HAL/src/crt0.o
 .debug_line    0x0000000000000066       0x9e obj/default/hello_world_small.o
 .debug_line    0x0000000000000104       0xa4 ../waves_bsp/\libhal_bsp.a(alt_load.o)
 .debug_line    0x00000000000001a8       0xbd ../waves_bsp/\libhal_bsp.a(alt_main.o)
 .debug_line    0x0000000000000265      0x13d ../waves_bsp/\libhal_bsp.a(alt_sys_init.o)
 .debug_line    0x00000000000003a2       0x4e ../waves_bsp/\libhal_bsp.a(alt_dcache_flush_all.o)
 .debug_line    0x00000000000003f0       0xf6 ../waves_bsp/\libhal_bsp.a(alt_dev.o)
 .debug_line    0x00000000000004e6       0xd8 ../waves_bsp/\libhal_bsp.a(alt_dev_llist_insert.o)
 .debug_line    0x00000000000005be       0x51 ../waves_bsp/\libhal_bsp.a(alt_errno.o)
 .debug_line    0x000000000000060f       0x4e ../waves_bsp/\libhal_bsp.a(alt_icache_flush_all.o)
 .debug_line    0x000000000000065d       0x50 ../waves_bsp/\libhal_bsp.a(altera_nios2_qsys_irq.o)
 .debug_line    0x00000000000006ad       0x5f d:/intelfpga_lite/18.1/nios2eds/bin/gnu/h-x86_64-mingw32/bin/../lib/gcc/nios2-elf/5.3.0/../../../../../H-x86_64-mingw32/nios2-elf/lib/mno-hw-mul\libsmallc.a(lib_a-int_errno.o)

.debug_frame    0x0000000000000000      0x16c
 *(.debug_frame)
 .debug_frame   0x0000000000000000       0x28 obj/default/hello_world_small.o
 .debug_frame   0x0000000000000028       0x30 ../waves_bsp/\libhal_bsp.a(alt_load.o)
 .debug_frame   0x0000000000000058       0x2c ../waves_bsp/\libhal_bsp.a(alt_main.o)
 .debug_frame   0x0000000000000084       0x3c ../waves_bsp/\libhal_bsp.a(alt_sys_init.o)
 .debug_frame   0x00000000000000c0       0x20 ../waves_bsp/\libhal_bsp.a(alt_dcache_flush_all.o)
 .debug_frame   0x00000000000000e0       0x20 ../waves_bsp/\libhal_bsp.a(alt_dev.o)
 .debug_frame   0x0000000000000100       0x2c ../waves_bsp/\libhal_bsp.a(alt_dev_llist_insert.o)
 .debug_frame   0x000000000000012c       0x20 ../waves_bsp/\libhal_bsp.a(alt_icache_flush_all.o)
 .debug_frame   0x000000000000014c       0x20 ../waves_bsp/\libhal_bsp.a(altera_nios2_qsys_irq.o)

.debug_str      0x0000000000000000      0x755
 *(.debug_str)
 .debug_str     0x0000000000000000      0x10e obj/default/hello_world_small.o
                                        0x14c (size before relaxing)
 .debug_str     0x000000000000010e      0x14b ../waves_bsp/\libhal_bsp.a(alt_load.o)
                                        0x232 (size before relaxing)
 .debug_str     0x0000000000000259       0x8f ../waves_bsp/\libhal_bsp.a(alt_main.o)
                                        0x1ab (size before relaxing)
 .debug_str     0x00000000000002e8      0x14d ../waves_bsp/\libhal_bsp.a(alt_sys_init.o)
                                        0x2cf (size before relaxing)
 .debug_str     0x0000000000000435       0x1f ../waves_bsp/\libhal_bsp.a(alt_dcache_flush_all.o)
                                        0x14b (size before relaxing)
 .debug_str     0x0000000000000454      0x12c ../waves_bsp/\libhal_bsp.a(alt_dev.o)
                                        0x2fb (size before relaxing)
 .debug_str     0x0000000000000580       0x4e ../waves_bsp/\libhal_bsp.a(alt_dev_llist_insert.o)
                                        0x1c2 (size before relaxing)
 .debug_str     0x00000000000005ce       0x14 ../waves_bsp/\libhal_bsp.a(alt_errno.o)
                                        0x13b (size before relaxing)
 .debug_str     0x00000000000005e2       0x1f ../waves_bsp/\libhal_bsp.a(alt_icache_flush_all.o)
                                        0x14b (size before relaxing)
 .debug_str     0x0000000000000601       0x20 ../waves_bsp/\libhal_bsp.a(altera_nios2_qsys_irq.o)
                                        0x152 (size before relaxing)
 .debug_str     0x0000000000000621      0x134 d:/intelfpga_lite/18.1/nios2eds/bin/gnu/h-x86_64-mingw32/bin/../lib/gcc/nios2-elf/5.3.0/../../../../../H-x86_64-mingw32/nios2-elf/lib/mno-hw-mul\libsmallc.a(lib_a-int_errno.o)
                                        0x1d8 (size before relaxing)

.debug_loc      0x0000000000000000       0xe7
 *(.debug_loc)
 .debug_loc     0x0000000000000000       0x48 obj/default/hello_world_small.o
 .debug_loc     0x0000000000000048       0x21 ../waves_bsp/\libhal_bsp.a(alt_sys_init.o)
 .debug_loc     0x0000000000000069       0x7e ../waves_bsp/\libhal_bsp.a(alt_dev_llist_insert.o)

.debug_macinfo
 *(.debug_macinfo)

.debug_weaknames
 *(.debug_weaknames)

.debug_funcnames
 *(.debug_funcnames)

.debug_typenames
 *(.debug_typenames)

.debug_varnames
 *(.debug_varnames)

.debug_alt_sim_info
                0x0000000000000000       0x10
 *(.debug_alt_sim_info)
 .debug_alt_sim_info
                0x0000000000000000       0x10 ../waves_bsp//obj/HAL/src/crt0.o
                0x0000000008000000                __alt_data_end = 0x8000000
                0x0000000008000000                PROVIDE (__alt_stack_pointer, __alt_data_end)
                [!provide]                        PROVIDE (__alt_stack_limit, __alt_stack_base)
                [!provide]                        PROVIDE (__alt_heap_start, end)
                [!provide]                        PROVIDE (__alt_heap_limit, 0x8000000)
OUTPUT(waves.elf elf32-littlenios2)

.debug_ranges   0x0000000000000000       0xb0
 .debug_ranges  0x0000000000000000       0x20 ../waves_bsp//obj/HAL/src/crt0.o
 .debug_ranges  0x0000000000000020       0x10 obj/default/hello_world_small.o
 .debug_ranges  0x0000000000000030       0x48 ../waves_bsp/\libhal_bsp.a(alt_load.o)
 .debug_ranges  0x0000000000000078       0x18 ../waves_bsp/\libhal_bsp.a(alt_sys_init.o)
 .debug_ranges  0x0000000000000090       0x20 ../waves_bsp/\libhal_bsp.a(alt_dev_llist_insert.o)
